// Jest Snapshot v1, https://goo.gl/fbAQLP

exports[`Server side rendering (SSR) stringify application on server and hydrate on client 1`] = `
<button class="button__11079579703130397219">Hello, SSR!</button>
<button class="button__11079579703130397219 button--26780284923130397219">Hello, Hydration!</button>
`;

exports[`Server side rendering (SSR) stringify application on server and hydrate on client 2`] = `
Array [
  <style
    data-trousers-global="1957078772"
  >
    *{background-color:red;}
  </style>,
  <style
    data-trousers=".button__11079579703130397219,.button--26780284923130397219"
  >
    .button__11079579703130397219{background-color:#b3cde8;color:white;}
.button--26780284923130397219{background-color:#f95b5b;color:#ffffff;}
  </style>,
]
`;
